[DISTINTA : CAMPI]

campoD0=LABL,A,4,4,NULL,0,0
campoD1=PROG,A,256,11,NULL,0,2
campoD2=QNTA,U,4,4,NULL,0,0
campoD3=CONT,U,4,4,NULL,0,0
campoD4=COMM,A,80,20,NULL,0,0

[DISTINTA : RIGHE]

,102268/RIC0101N.cix,1,0,,
,102268/RIC0102N.cix,1,0,,
,102268/RIC0103N.cix,1,0,,
,102268/RIC0104N.cix,1,0,,
,102268/RIC0105N.cix,1,0,,
,102268/RIC0201N.cix,1,0,,
,102268/RIC0202N.cix,1,0,,
,102268/RIC0203N.cix,1,0,,
,102268/RIC0204N.cix,1,0,,
,102268/RIC0205N.cix,1,0,,
,102268/RIC0206N.cix,1,0,,
,102268/RIC0207N.cix,1,0,,
,102268/RIC0208N.cix,1,0,,
,102268/RIC0209N.cix,1,0,,
