[DISTINTA : CAMPI]

campoD0=LABL,A,4,4,NULL,0,0
campoD1=PROG,A,256,11,NULL,0,2
campoD2=QNTA,U,4,4,NULL,0,0
campoD3=CONT,U,4,4,NULL,0,0
campoD4=COMM,A,80,20,NULL,0,0

[DISTINTA : RIGHE]

,102398/RHE0101N.cix,1,0,,
,102398/RHE0102N.cix,1,0,,
,102398/RHE0103N.cix,1,0,,
,102398/RHE0104N.cix,1,0,,
,102398/RHE0105N.cix,1,0,,
,102398/RHE0106N.cix,1,0,,
,102398/RHE0107N.cix,1,0,,
,102398/RHE0108N.cix,1,0,,
,102398/RHE0201N.cix,1,0,,
,102398/RHE0202N.cix,1,0,,
,102398/RHE0203N.cix,1,0,,
,102398/RHE0204N.cix,1,0,,
,102398/RHE0205N.cix,1,0,,
,102398/RHE0206N.cix,1,0,,
,102398/RHE0207N.cix,1,0,,
,102398/RHE0208N.cix,1,0,,
,102398/RHE0209N.cix,1,0,,
,102398/RHE020AN.cix,1,0,,
,102398/RHE020BN.cix,1,0,,
