[DISTINTA : CAMPI]

campoD0=LABL,A,4,4,NULL,0,0
campoD1=PROG,A,256,11,NULL,0,2
campoD2=QNTA,U,4,4,NULL,0,0
campoD3=CONT,U,4,4,NULL,0,0
campoD4=COMM,A,80,20,NULL,0,0

[DISTINTA : RIGHE]

asdad,150903/RDH0201N.cix,1,0,,
,150903/RDH0202N.cix,1,0,,
,150903/RDH0203N.cix,1,0,,
,150903/RDH0204N.cix,1,0,,
,150903/RDH0205N.cix,1,0,,
,150903/RDH0301N.cix,1,0,,
,150903/RDH0302N.cix,1,0,,
,150903/RDH0303N.cix,1,0,,
,150903/RDH0304N.cix,1,0,,
,150903/RDH0305N.cix,1,0,,
,150903/RDH0306N.cix,1,0,,
,150903/RDH0307N.cix,1,0,,
,150903/RDH0308N.cix,1,0,,
,150903/RDH0309N.cix,1,0,,
,150903/RDH0401N.cix,1,0,,
,150903/RDH0402N.cix,1,0,,
,150903/RDH0403N.cix,1,0,,
,150903/RDH0404N.cix,1,0,,
,150903/RDH0405N.cix,1,0,,
,150903/RDH0406N.cix,1,0,,
,150903/RDH0407N.cix,1,0,,
,150903/RDH0408N.cix,1,0,,
,150903/RDH0409N.cix,1,0,,
,150903/RDH040AN.cix,1,0,,
,150903/RDH040BN.cix,1,0,,
,150903/RDH040CN.cix,1,0,,
,150903/RDH040DN.cix,1,0,,
